Wo, Wo, Wo, Wo, Wo, Wo, Wwr, Wwr, Ww, Ww, Ww, Ww, Wwr, Wo, Wo, Wo, Ww, Wo, Wo, Wo, Ww, Ww, Aa^Fdw, Aa^Fma, Re, Aa^Fma, Aa, Ww, Wo, Wo, Wo, Wo, Wo, Wo, Wo, Wo
Ww^Wkf, Wo, Wo, Wo, Wo, Wo, Wo, Ww^Wkf, Ai, Ai, Rra, Ai, Wwf, Wwr, Ww, Ww^Wkf, Wwf^Dr, Ww, Ww, Wwr, Wwf, Ds, Rra, Rra, Ms, Re, Ai, Ww, Wo, Wo, Ai, Ww, Wwr, Wo, Wo, Wo
Wwr, Wo, Wo, Wo, Wwr, Wo, Ww, Wwr, Aa^Fdw, Aa^Fda, Aa^Esa, Aa^Fdw, Aa^Fpa, Aa^Fda, Ha, Ww^Wkf, Wwf, Aa^Fda, Aa^Esa, Aa^Esa, Aa^Fma, Aa, Ha, Ms, Ms^Xm, Aa, Ds, Ww^Wkf, Wwr, Wwr, Ai, Ai, Wo, Wo, Wo, Wo
Ww, Ww, Ww, Wwr, Ai, Wwr, Ww, Wwf, Ms, Aa^Esa, Aa, Aa^Fdw, Aa^Fpa, Ms, Aa^Vla, Hh, Ms, Ms, Gs, Aa^Voa, Coa^Esa, Coa, Coa^Dr, Ha^Fdw, Ha^Fdw, Ms, Ai, Ww, Ww, Ww, Wwr, Ww, Ww^Wkf, Wwr, Ww, Wo
Wo, Wo, Wo, Ww, Ww, Wo, Wwr, Ww^Wkf, Ai, Ms, Aa^Fdw, Aa, Aa, Re, Re, Ha, Hh^Tf, Aa^Fpa, Ha, Aa^Fdw, Coa^Esa, 2 Koa, Coa, Ms, Ms, Ai, Ds, Wwr, Wo, Ai, Wwf, Wwr, Wwf, Wwf, Wwf, Ww^Wkf
Wo, Wo, Wwr, Ww^Wkf, Wwr, Ww^Wkf, Wwf, Ai, Aa^Fda, Ms, Gd, Aa, Aa, Ms, Ms^Xm, Ms, Ha^Em, Hh^Em, Hh, Gd^Ebn, Aa^Fma, Coa, Aa, Ms, Gs^Efm, Ai, Wwf, Ww^Dr, Ww^Wkf, Wwf, Ai, Ai, Ai, Ai, Ai, Ha
Wo, Wo, Ww, Ww^Wkf, Ai, Wwr, Ai, Aa, Aa^Vea, Aa^Fpa, Aa^Fpa, Aa^Efm, Aa, Ms, Ms, Ms, Ms, Ms, Ms, Aa, Aa^Voa, Aa^Fma, Hh, Gd^Ecf, Re, Ai^Es, Ai, Ww^Wkf, Wwr, Wwf, Aa, Aa^Fpa, Aa^Fda, Ha, Ha, Ai
Ww, Ww, Wwf, Wwf, Aa, Ai, Ai^Esa, Aa^Em, Ai, Aa^Fpa, Aa^Em, Aa^Efm, Aa, Gs^Efm, Ms, Ms, Ms, Ms, Aa, Aa^Fdw, Aa^Fpa, Aa^Esa, Gd^Efm, Rra, Aa^Feta, Ai^Es, Ha^Fdw, Ai, Ai, Ha, Rra, Aa, Ms, Aa^Fdw, Ms, Aa
Ww, Wwr, Wwf^Dr, Ds, Ai, Ai^Esa, Ha, Ai, Aa^Fpa, Ai, Aa^Fma, Cfa, Aa, Gd, Ha^Fdw, Ha^Dr, Hh^Tf, Hh^Em, Aa^Fda, Aa^Fpa, Aa, Aa, Aa, Ha, Aa^Fdw, Aa^Fpa, Aa^Vha, Ha, Ha, Rra, Hh^Ebn, Ms, Coa, Ms, Ha^Dr, Ms
Ww, Ww^Wkf, Ds, Ai, Aa^Fma, Aa^Fma, Cfa^Esa, Ha^Fdw, Cfa, Aa^Fma, Aa, Aa^Fda, Aa^Fda, Aa, Aa^Efm, Rra, Ai, Ai, Rra, Aa^Fda, Aa, Aa^Fdw, Aa^Esa, Aa^Fda, Aa^Fma, Aa, Aa^Fda, Aa^Fpa, Ms, Coa, Coa^Esa, 4 Koa, Coa, Ha, Aa, Ms
Wwr, Wwr, Wwf, Aa^Fpa, Aa^Fma, Cfa^Esa, Cfa^Esa, 3 Kfa, Cfa, Aa^Fma, Aa^Fda, Aa^Feta, Hh^Em, Aa, Aa, Rra, Aa^Vea, Gs^Efm, Gd^Efm, Gd, Aa^Fma, Aa, Aa^Esa, Aa^Fma, Hh, Ms, Ms^Xm, Rra, Aa^Fpa, Coa, Coa^Esa, Coa^Esa, Aa^Fda, Ha, Aa^Fpa, Aa
Ai, Ai, Aa^Fda, Aa^Fda, Aa^Fpa, Cfa, Rra, Cfa, Aa^Fpa, Aa^Fpa, Aa^Fda, Gd^Ecf, Gd^Emf, Re, Aa^Fda, Aa^Fpa, Re, Gd, Aa^Wm, Aa^Fpa, Ai, Ai, Aa^Fma, Ai, Ha, Ms, Hh^Tf, Hh^Em, Hh, Aa^Fda, Aa, Aa^Voa, Aa, Aa^Fdw, Aa^Fda, Ha
Ai, Aa, Aa^Fda, Rrc^Vhca, Aa, Gs^Ebn, Hh, Hh, Ha, Aa^Fpa, Gd, Aa^Fma, Cfa, Re, Rra, Aa, Rra, Re, Aa, Ai, Ai, Ai, Ai, Ai, Ha, Hh^Em, Ms^Xm, Ha, Ha, Ha, Aa^Fpa, Aa^Fdw, Aa^Es, Aa, Ms, Ha
Ai, Aa^Fdw, Aa^Fda, Aa^Fma, Aa^Fma, Aa^Fdw, Aa^Fdw, Ha, Gd^Ebn, Rra, Aa, Aa, Gd^Em, Hh, Hh, Ms, Ms, Aa^Dr, Aa^Fma, Aa^Fma, Aa^Esa, Ai, Aa^Vaa, Rra, Ms, Ha, Ms, Ms, Ms, Ms, Ms, Ms, Ms^Xm, Aa, Aa^Fma, Aa^Fma
Aa, Aa^Fma, Aa^Fdw, Aa^Fpa, Aa^Fda, Aa^Fma, Ha, Cfa, Gs^Efm, Aa^Fpa, Aa, Aa^Esa, Gs^Em, Gd^Emf, Gd^Em, Aa, Aa, Ms, Aa^Fda, Aa^Fma, Aa, Aa, Rra, Ha, Hh, Ms, Hh, Hh, Ha, Ms, Ms, Ms, Ms, Aa, Aa, Aa^Fma
Ww, Aa, Ha, Aa^Fpa, Ms, Aa, Aa^Esa, Aa^Esa, Aa^Fpa, Aa^Efm, Ha, Aa, Aa^Esa, Aa^Esa, Aa, Aa^Vea, Rra, Cva, Cva, Rra, Aa^Fda, Aa^Fdw, Ha, Ms, Ai, Ai, Wwr, Wwf, Ai, Ha^Dr, Ms, Ms^Xm, Ms, Ha, Aa^Fma, Aa^Fdw
Wo, Ww, Ww^Dr, Ha^Fdw, Ms, Aa^Fpa, Aa, Aa, Aa^Fpa, Ha, Ms, Aa, Aa, Aa^Esa, Aa^Fda, Hh, Cva, Kva, Cva, Aa^Fda, Aa^Fpa, Aa^Fpa, Aa^Feta, Aa, Wo^Bsa\, Ww, Wo, Wo, Ha, Ms, Ms, Ms, Ha^Fdw, Ms, Ha, Aa
Ai, Ai, Ai, Wo, Wwr, Aa^Fda, Aa, Aa, Aa, Ha^Fdw, Aa^Fdw, Hh, Ha, Aa^Fpa, Aa^Fpa, Hh, Rra, Cva, Aa, Aa^Fma, Aa^Fdw, Aa^Fpa, Aa^Fda, Wwr, Wo, Ai, Ai, Wwf, Aa, Ha^Fdw, Ms, Ha^Fdw, Ha, Ha, Ms, Ms
Aa^Fpa, Aa^Esa, Ai, Wwf, Ww, Rra, Aa^Fda, Aa^Fpa, Aa^Efm, Aa^Fpa, Aa^Fda, Hh, Hh, Aa, Aa, Hh, Gd^Ebn, Rra, Ha, Aa^Fma, Aa^Fpa, Aa^Fda, Aa^Fda, Ww, Aa, Aa^Esa, Ai, Aa^Fpa, Ai^Esa, Ai^Esa, Ms, Rra, Re, Re, Ha, Ha
Aa, Aa, Ha, Ww^Dr, Wwr, Wo, Ai, Aa^Efm, Aa, Aa^Fpa, Aa, Hh, Rra, Ha, Ai, Aa^Fda, Aa^Fda, Gd, Aa^Fda, Aa^Fma, Aa^Fdw, Ha^Fdw, Aa, Aa^Voa, Ai, Rra, Aa, Ai, Ai, Ms, Gd, Gs^Efm, Aa, Rra, Aa^Fpa, Aa^Fma
Aa, Aa^Fda, Aa^Fpa, Ms, Ai, Wo^Bsa/, Ww, Ai^Esa, Aa^Esa, Aa^Fpa, Hh, Gd, Aa, Ai, Aa^Fpa, Ai, Ai, Aa, Aa^Fda, Aa^Fda, Aa^Fda, Aa, Aa^Fpa, Aa, Gd^Efm, Gs^Efm, Ai, Ms^Xm, Gd, Ha, Aa^Esa, Aa^Fdw, Aa^Fpa, Aa, Ha, Ms
Aa, Aa^Fdw, Aa, Aa, Aa, Wwf, Ww^Dr, Ai, Aa^Fma, Hh, Aa, Aa^Fda, Aa^Fda, Aa, Hh^Esa, Ai^Esa, Aa^Fpa, Re, Aa^Fpa, Aa^Fpa, Ai, Aa, Rra, Rra, Re, Re^Ebn, Aa^Fda, Ms, Aa^Fdw, Aa, Aa, Aa^Feta, Aa^Fda, Aa, Aa^Es, Ms
Aa^Fda, Aa, Aa^Fdw, Aa^Fda, Aa^Fpa, Aa^Fdw, Aa^Fda, Aa^Fma, Aa^Fpa, Aa^Vaa, Aa^Fdw, Hh, Ha, Hh, Ha, Ha, Hh, Aa^Fda, Aa^Fpa, Rra, Ai, Hh, Aa^Fpa, Aa^Fda, Aa^Feta, Aa, Aa^Fma, Aa^Fdw, Ms, Ms, Ha, Ms, Aa, Aa^Es, Aa, Aa^Fda
Aa^Fpa, Aa, Aa, Aa^Vaa, Aa, Aa^Fda, Aa^Fma, Aa^Fpa, Ms, Aa^Fpa, Ms, Ha^Fdw, Hh, Ms, Ha, Ms, Ha, Re, Ai, Ai, Ai, Gd, Gs, Aa, Rra, Aa, Aa, Aa^Efm, Ha^Fdw, Ha, Ms, Ms, Ms, Aa^Fdw, Aa^Fda, Aa
Aa^Fpa, Aa^Fdw, Aa^Esa, Aa, Aa^Fda, Aa^Fma, Aa^Fda, Ms, Ha, Ha, Ms, Ms, Ms, Ms, Ms, Hh, Gd, Gs^Em, Rra, Ai^Dr, Ai^Esa, Ai, Aa^Fda, Aa^Fma, Aa, Rra, Aa^Efm, Aa^Fda, Ms, Ms, Ms, Ms, Ha, Ha^Fdw, Aa^Fma, Aa
Aa^Fda, Aa^Fpa, Aa^Fda, Aa^Esa, Aa^Fdw, Aa^Fpa, Ha^Vhha, Ha, Ms^Xm, Ms, Ms^Xm, Ms, Ha, Ms, Ms, Ms, Hh^Em, Gd^Tf, Aa^Vla, Rra, Aa, Ai^Esa, Ha, Ms, Aa^Vca, Re, Gs^Em, Aa^Fpa, Ms, Ms, Ms, Ms, Ms, Ha, Aa, Aa
Aa^Fda, Aa^Feta, Aa^Fdw, Aa, Aa^Fda, Aa^Fpa, Ha, Ms, Ms, Ms, Ha, Ms, Hh, Ha^Fdw, Ha, Ms, Ai^Dr, Rra, Ai^Esa, Re, Aa, Aa^Fma, Ms, Ha^Fdw, Aa^Fpa, Re, Rra, Gd^Emf, Ms^Xm, Ha, Ms, Ha, Hh, Aa^Fda, Aa, Ha
Ai, Aa^Fdw, Aa, Gd, Re^Emf, Ms, Ms, Ms^Xm, Ms, Ms, Hh, Aa^Fda, Aa^Vla, Hh, Hh^Esa, Hh, Ai, Ai^Esa, Aa^Esa, Gs^Efm, Aa, Hh, Ha, Ms, Ms, Ms, Ms, Ms, Ms, Ms, Ha^Fdw, Ms, Gd, Aa^Fma, Aa, Ha
Wwr, Ai, Aa, Rra^Em, Aa^Fda, Ha^Em, Ha^Fdw, Ms, Ha^Fdw, Ms, Aa^Feta, Aa^Fma, Aa, Aa^Fda, Aa, Ai^Esa, Ai, Aa, Aa, Gd, Ha, Ms, Ms, Ms, Ms, Ms, Ms, Ms^Xm, Ms, Ms, Ha, Ha, Aa, Aa, Aa^Esa, Ai
Ww^Wkf, Ds, Ai, Aa, Re, Rra, Ai, Ha, Aa, Aa^Fdw, Aa^Em, Aa^Efm, Cea, Cea^Esa, Cea, Aa^Fma, Re, Aa^Fma, Aa^Fdw, Ha^Fdw, Ha, Ms, Ms, Ms, Ms, Ms^Xm, Ms, Ms, Ms, Ms, Aa, Aa^Fda, Aa^Fdw, Ai, Ww^Wkf, Wwr
Ww^Wkf, Wwr, Ww^Wkf, Wwf, Wwf^Dr, Ai, Wwf, Aa^Fma, Aa^Fda, Aa, Aa^Fda, Aa^Fdw, Cea^Esa, 1 Ket^Esa, Cea, Aa^Fpa, Aa^Fda, Rra, Gs, Ha^Em, Gd^Em, Aa^Fda, Hh^Em, Hh^Tf, Ms, Ms, Ha^Fdw, Ha, Aa^Es, Aa, Ai, Ha, Aa, Ai, Ww^Wkf, Ww
Wo, Ww, Wwr, Ww, Ww^Wkf, Wwr, Ww, Ds, Ai, Aa, Aa^Feta, Aa^Fma, Aa^Fda, Cea, Ha, Ha, Ai, Ai, Aa^Fpa, Gd^Emf, Aa^Fma, Aa^Fda, Aa, Gs, Gd^Tf, Gd^Em, Aa^Fpa, Aa^Fdw, Aa, Ds, Wwf, Wwr, Ww, Wwf, Ww, Wo
Wo, Wo, Wo, Wo, Wo, Ww, Ww, Ww, Wwf, Aa^Fda, Ha, Aa^Fpa, Aa^Fda, Ha, Aa^Vla, Hh^Esa, Aa^Fpa, Ai^Esa, Ms, Aa^Fda, Ms, Aa^Fdw, Ha, Aa, Aa, Aa^Em, Aa, Aa^Fma, Wwf, Ds, Ww^Wkf, Ww, Wo, Wwr, Wo, Wo
Wo, Wo, Wo, Wo, Wo, Wwr, Ww, Ww^Wkf, Wwf, Aa, Ha, Ha, Ha, Aa^Fda, Aa^Fpa, Aa^Fpa, Aa^Fda, Aa^Fda, Aa^Fpa, Ha, Ms, Ms, Ms, Ms, Aa^Fda, Aa^Fda, Aa^Fpa, Ai, Ww, Wwr, Wo, Wo, Wo, Wo, Wo, Wo
