Wo, Ww^Wkf, Wwr, Ww, Ds^Es, Ai, Ai, Hh, Hh, Aa, Ai, Hh, Mm, Mm, Mm^Xm, Mm, Mm, Mm, Mm, Mm, Mm^Xm, Gg, Hh^Fdw, Hh, Gs^Fdw, Aa, Aa, Hh, Hh^Dr, Ai, Aa^Feta, Aa, Hh, Hh^Fdw, Hh^Fdw, Hh^Fdw, Gs^Fdw, Hh, Hh, Mm, Isa, Isa^Edb, Isa^Dr, Isa
Wwf^Dr, Ww^Wkf, Ds^Ewsh, Wwf, Ds, Aa^Fda, Aa^Esa, Ha, Gg^Efm, Aa^Feta, Aa^Es, Ai^Esa, Hh, Mm, Mm^Xm, Mm^Xm, Mm, Mm, Mm, Mm, Mm, Hh^Fdw, Ai, Mm, Hh, Gs^Fp, Gs^Fdw, Hh, Gs^Fp, Gd, Ai, Aa, Gd, Aa, Gs^Fetd, Gd^Fmw, Gs^Fetd, Mm, Mm, Mm^Xm, Cer^Edb, Isr^Edb, Hh^Edb, Isa
Ds, Ds^Es, Ce, Ce, Ce^Es, Gs^Fdw, Gs^Fp, Gd^Em, Gg^Ve, Gs^Efm, Hh, Mm, Hh^Fp, Mm, Hh^Fdw, Mm, Mm, Mm, Mm, Mm, Mm^Xm, Mm^Xm, Aa^Esa, Aa, Gd^Em, Gs^Em, Gg, Gs^Esa, Mm, Mm, Hh^Em, Hh^Fdw, Mm, Gs^Fp, Gs^Fdw, Gg^Edb, Gs^Vl, Gd^Edb, Hh^Edb, Cer, 2 Ker, Cer^Edb, Hh^Fdw, Mm
Gd^Fdw, Gs, Ce, 1 Ket, Ce, Hh^Fdw, Gs, Hh, Gs, Aa, Mm, Mm^Xm, Mm, Gs^Fp, Aa, Ha, Mm, Mm, Mm, Mm, Mm, Mm, Gs^Fp, Gg^Ve, Gs^Efm, Gs^Em, Hh, Mm, Mm, Mm, Mm, Mm, Mm, Mm, Gg^Efm, Hh^Es, Gd^Edb, Hh^Fdw, Mm, Cer^Esa, Cer, Cer^Edb, Isr, Gg
Hh, Hh, Ha, Ce^Esa, Hh, Aa, Ha, Gg^Efm, Gs^Fp, Ha, Hh^Vhh, Mm, Mm, Hh^Es, Gs, Mm, Mm, Mm, Mm, Mm, Mm, Hh, Hh^Fp, Gg, Gg, Gs, Mm^Xm, Mm^Xm, Mm, Mm, Mm, Mm, Mm, Hh, Hh^Dr, Gg^Edb, Hh^Fdw, Isa^Edb, Isr, Hh, Isa, Isa^Dr, Isa^Edb, Hh
Gs, Aa^Fda, Aa, Mm^Xm, Hh^Fmw, Hh^Fdw, Mm, Aa^Esa, Gs^Fdw, Hh, Ai, Mm, Aa^Em, Gd^Emf, Hh^Em, Gs^Fp, Aa, Hh, Hh^Fdw, Hh^Vhh, Aa, Aa^Esa, Gg, Mm, Hh^Em, Gs^Fp, Mm, Mm^Xm, Mm, Mm, Mm, Mm, Mm^Xm, Mm^Xm, Mm^Xm, Aa, Hh^Es, Hh, Isa^Edb, Isa, Gd^Emf, Rp^Vhcr, Isa, Mm
Ds, Gd^Fmw, Gg, Gs^Fp, Gs^Fp, Hh^Vhh, Gg, Hh, Gd^Em, Gd^Fmw, Gs^Fp, Aa^Fpa, Gs^Fdw, Gg^Fet, Mm, Gd, Gd^Fmw, Gs^Fp, Hh^Fp, Gs^Efm, Gd, Gs^Es, Gs^Fdw, Hh^Fdw, Hh^Fp, Aa, Aa, Mm, Mm, Mm, Mm, Mm, Mm, Mm, Gs^Fdw, Gs^Fetd, Gg, Gs^Edb, Hh^Edb, Gs^Em, Gs^Fp, Hh^Fdw, Hh^Em, Hh
Ww, Ds^Ewsh, Ds^Es, Hh, Gd^Em, Gs^Es, Hh, Ai, Aa, Hh^Fp, Gd^Fmw, Gs^Fp, Gs^Em, Ha, Hh, Gs^Esa, Ai, Hh^Em, Hh, Hh, Gg, Gd^Esa, Gs^Efm, Gd^Fmw, Gs^Fp, Hh, Gs^Fp, Hh, Mm, Mm, Mm, Hh^Vhh, Aa^Esa, Aa, Hh^Fdw, Gd^Fmw, Hh, Gs^Edb, Gg, Aa^Esa, Hh^Edb, Mm, Ai, Aa
Wwr, Ds, Wwf, Gs, Gs^Fdw, Aa, Gd, Aa, Gg^Efm, Hh, Gs^Emf, Gs^Vl, Gs, Hh^Fdw, Gs^Fp, Gg^Efm, Aa, Ai, Gs^Fp, Aa, Gs^Fp, Gs^Em, Gg^Efm, Gg^Ve, Gs^Fp, Aa, Mm, Gg, Gs, Mm^Xm, Gs^Fp, Hh^Em, Aa, Hh, Gd, Gs, Hh, Aa, Gs^Vo, Gs^Edb, Gs^Edb, Gg, Hh, Aa^Esa
Wo, Ww^Wkf, Wwf^Es, Ds, Gg, Gg^Efm, Gg^Efm, Gs, Gs^Fp, Gd^Em, Gs^Em, Gg^Efm, Gs^Fp, Gd, Hh^Fdw, Gg, Gd, Gd^Fmw, Gs^Fp, Hh^Fp, Hh, Gg, Gd, Gs^Fdw, Hh, Hh^Fdw, Hh, Hh^Fp, Aa, Gd^Fmw, Hh, Gs^Fdw, Gd^Edb, Gs^Fp, Gs, Gg^Efm, Gs^Es, Mm, Gs^Fp, Gg^Es, Aa, Mm, Mm^Xm, Hh^Dr
Wo, Ww, Ww, Ds^Ewsh, Ds, Ds, Gg^Fet, Aa, Aa^Fda, Ai, Gd, Gs^Fdw, Hh, Gg, Aa, Gs, Gg, Gd, Hh, Gg, Gg, Gs^Em, Ai, Aa, Aa^Feta, Ai, Gd^Emf, Gs, Gg^Efm, Gs^Fp, Gs, Gg^Edb, Gg^Edb, Gs^Esa, Hh, Aa, Gs^Fdw, Gd^Fmw, Hh, Gg^Efm, Mm, Hh^Em, Mm, Mm^Xm
Wo, Wo, Ww^Wkf, Wwr, Ds, Gs^Fp, Gs^Fp, Aa^Fpa, Ha, Aa^Esa, Aa, Ha, Gs^Fp, Hh, Gg, Gs^Vh, Ai, Gg^Efm, Gs^Fdw, Mm, Gg^Efm, Gs, Gd, Aa^Esa, Hh, Gs^Em, Gs^Em, Gg^Efm, Gs^Fdw, Hh, Hh, Gg^Efm, Gs, Hh, Ai, Hh^Vhh, Gg, Gs^Fp, Gg, Aa, Mm, Mm, Mm, Mm
Wo, Wo, Wwr, Wwf, Wwr, Ds, Aa, Hh^Fmw, Hh, Mm, Hh^Fp, Hh^Fp, Aa, Gs^Fdw, Hh, Gs^Fdw, Hh^Fp, Mm, Hh, Gg, Aa, Hh, Aa^Esa, Gs^Es, Gg^Edb, Gs^Fdw, Gg^Efm, Gg, Gs^Es, Gd, Gs^Fp, Gs^Fdw, Aa, Gs^Fdw, Gd, Gs^Fp, Gs^Em, Hh^Em, Gg^Efm, Hh, Hh^Fdw, Mm^Xm, Mm, Hh^Fdw
Wo, Wo, Wo, Ww^Wkf, Ww^Wkf, Ds^Ewsh, Ds, Gs, Ds, Gg^Efm, Gs^Fp, Gs^Fdw, Ai, Aa^Esa, Chr^Esa, Chr, Chr, Hh^Es, Mm, Gs, Gg^Efm, Aa, Gs^Fp, Gg, Gs^Vh, Gg, Aa, Mm, Gd^Fmw, Gg^Edb, Gs^Vh, Gs^Fp, Hh^Edb, Aa, Hh, Gs^Fp, Isa, Gs^Fdw, Gs^Fp, Aa, Aa, Mm, Mm, Mm
Wo, Wo, Wwr, Ww, Ww, Ds, Wwf^Dr, Wwf^Es, Ds^Ewsh, Ds, Aa, Gg, Gs^Vh, Hh, Chr^Esa, 3 Khr, Chr^Esa, Mm^Xm, Gs^Em, Gs, Hh^Fdw, Gs, Gg^Efm, Hh^Fp, Gg, Hh, Hh^Fdw, Hh^Em, Hh^Fdw, Gg^Efm, Gs^Fp, Gg^Edb, Hh^Fdw, Ha, Isr, Isa, Rp^Vhcr, Gd, Mm, Ha, Aa^Feta, Ai^Esa, Mm, Mm
Wo, Wo, Wwr, Wwf, Ww^Wkf, Ww, Ww, Wwr, Ds, Hh, Aa^Esa, Ai, Gs^Fdw, Gs^Fp, Gs^Fdw, Chr, Gs^Fp, Hh, Gd^Em, Mm, Hh, Gs^Fdw, Gd^Emf, Gg^Esa, Ai, Gs^Fp, Ai, Mm, Aa^Esa, Ai, Hh, Mm, Mm, Hh^Es, Hh, Isa^Edb, Isa^Edb, Isr, Hh^Em, Mm, Gd^Edb, Isa, Hh^Fdw, Mm
Wo, Wo, Wo, Ww, Wo, Wwr, Ww, Ww^Wkf, Ds, Gg^Es, Gs^Fp, Gg, Hh, Hh^Fp, Gg^Efm, Gd^Emf, Gs^Em, Gg^Efm, Aa^Esa, Gd, Gg, Gs^Em, Gs^Fp, Gs^Vl, Gs^Fp, Hh^Fdw, Hh^Fp, Aa, Mm, Isa, Gd^Edb, Mm, Isa^Edb, Hh^Fdw, Isa^Dr, Isa, Cer^Edb, Cer^Edb, Cer^Edb, Isa, Rp^Vhcr, Gs^Fdw, Mm, Hh
Wo, Wo, Wo, Wo, Wo, Wwf, Ds, Wwr, Wwf, Ds^Es, Ds, Gd, Gs, Gs^Efm, Gg^Efm, Aa, Hh, Aa^Esa, Hh, Aa, Gs, Gs^Fp, Aa, Gs^Fdw, Mm^Xm, Mm, Mm, Mm, Mm, Mm^Xm, Hh^Vhh, Isa^Edb, Isa^Edb, Isr, Isa, Mm, Cer, 5 Ker^Edb, Cer^Esa, Isa, Isr^Edb, Isa^Dr, Mm, Mm
Wo, Wo, Wo, Wo, Wo, Ww, Ww, Ww, Ww^Wkf, Ds, Wwr, Ds^Ewsh, Ds, Ds, Gs^Fdw, Hh^Fdw, Mm, Mm^Xm, Hh^Em, Aa, Ha, Aa, Hh^Em, Hh^Fp, Mm, Mm^Xm, Mm, Mm, Mm, Mm, Mm, Hh^Es, Ai, Gd, Mm, Hh^Fdw, Hh^Edb, Cer, Ai, Hh^Fdw, Mm^Xm, Isa^Edb, Aa^Esa, Hh
Wo, Wo, Wo, Wo, Wo, Wo, Wo, Wo, Wo, Ww^Wkf, Ww, Ww, Ww^Wkf, Ds^Es, Ds, Hh, Mm, Mm, Mm, Mm, Hh, Hh^Fdw, Hh, Mm, Mm, Mm, Mm^Xm, Mm, Mm, Mm, Mm, Hh^Fdw, Hh, Aa, Aa, Isa, Hh, Aa, Hh, Mm, Mm, Hh, Ai, Aa
